{
  "selectedRaceCount": 15,
  "finishedRaceCount": 12,
  "resultDataUsedOnlyForSettlement": true,
  "synced": [
    {
      "raceId": "2026-08-09-chukyo-01",
      "payoutRows": 12,
      "betTypes": [
        "3連単",
        "3連複",
        "ワイド",
        "単勝",
        "枠連",
        "複勝",
        "馬単",
        "馬連"
      ]
    },
    {
      "raceId": "2026-08-09-chukyo-05",
      "payoutRows": 12,
      "betTypes": [
        "3連単",
        "3連複",
        "ワイド",
        "単勝",
        "枠連",
        "複勝",
        "馬単",
        "馬連"
      ]
    },
    {
      "raceId": "2026-08-09-chukyo-07",
      "payoutRows": 12,
      "betTypes": [
        "3連単",
        "3連複",
        "ワイド",
        "単勝",
        "枠連",
        "複勝",
        "馬単",
        "馬連"
      ]
    },
    {
      "raceId": "2026-08-09-chukyo-08",
      "payoutRows": 12,
      "betTypes": [
        "3連単",
        "3連複",
        "ワイド",
        "単勝",
        "枠連",
        "複勝",
        "馬単",
        "馬連"
      ]
    },
    {
      "raceId": "2026-08-09-niigata-01",
      "payoutRows": 12,
      "betTypes": [
        "3連単",
        "3連複",
        "ワイド",
        "単勝",
        "枠連",
        "複勝",
        "馬単",
        "馬連"
      ]
    },
    {
      "raceId": "2026-08-09-niigata-03",
      "payoutRows": 12,
      "betTypes": [
        "3連単",
        "3連複",
        "ワイド",
        "単勝",
        "枠連",
        "複勝",
        "馬単",
        "馬連"
      ]
    },
    {
      "raceId": "2026-08-09-niigata-07",
      "payoutRows": 12,
      "betTypes": [
        "3連単",
        "3連複",
        "ワイド",
        "単勝",
        "枠連",
        "複勝",
        "馬単",
        "馬連"
      ]
    },
    {
      "raceId": "2026-08-09-sapporo-01",
      "payoutRows": 12,
      "betTypes": [
        "3連単",
        "3連複",
        "ワイド",
        "単勝",
        "枠連",
        "複勝",
        "馬単",
        "馬連"
      ]
    },
    {
      "raceId": "2026-08-09-sapporo-02",
      "payoutRows": 12,
      "betTypes": [
        "3連単",
        "3連複",
        "ワイド",
        "単勝",
        "枠連",
        "複勝",
        "馬単",
        "馬連"
      ]
    },
    {
      "raceId": "2026-08-09-sapporo-05",
      "payoutRows": 12,
      "betTypes": [
        "3連単",
        "3連複",
        "ワイド",
        "単勝",
        "枠連",
        "複勝",
        "馬単",
        "馬連"
      ]
    },
    {
      "raceId": "2026-08-09-sapporo-06",
      "payoutRows": 12,
      "betTypes": [
        "3連単",
        "3連複",
        "ワイド",
        "単勝",
        "枠連",
        "複勝",
        "馬単",
        "馬連"
      ]
    },
    {
      "raceId": "2026-08-09-sapporo-09",
      "payoutRows": 12,
      "betTypes": [
        "3連単",
        "3連複",
        "ワイド",
        "単勝",
        "枠連",
        "複勝",
        "馬単",
        "馬連"
      ]
    }
  ],
  "upsertedPayoutRows": 144,
  "audit": [
    {
      "raceId": "2026-08-09-chukyo-01",
      "payoutRows": 12
    },
    {
      "raceId": "2026-08-09-chukyo-05",
      "payoutRows": 12
    },
    {
      "raceId": "2026-08-09-chukyo-07",
      "payoutRows": 12
    },
    {
      "raceId": "2026-08-09-chukyo-08",
      "payoutRows": 12
    },
    {
      "raceId": "2026-08-09-niigata-01",
      "payoutRows": 12
    },
    {
      "raceId": "2026-08-09-niigata-03",
      "payoutRows": 12
    },
    {
      "raceId": "2026-08-09-niigata-07",
      "payoutRows": 12
    },
    {
      "raceId": "2026-08-09-sapporo-01",
      "payoutRows": 12
    },
    {
      "raceId": "2026-08-09-sapporo-02",
      "payoutRows": 12
    },
    {
      "raceId": "2026-08-09-sapporo-05",
      "payoutRows": 12
    },
    {
      "raceId": "2026-08-09-sapporo-06",
      "payoutRows": 12
    },
    {
      "raceId": "2026-08-09-sapporo-09",
      "payoutRows": 12
    }
  ],
  "missingPayoutRaces": [],
  "errors": []
}
