{
  "settledAt": "2026-08-09T08:24:06.929677+00:00",
  "newlySettledRaceCount": 4,
  "newlySettledBetRows": 63,
  "newlySettledRaces": [
    "2026-08-09-sapporo-02",
    "2026-08-09-sapporo-05",
    "2026-08-09-sapporo-06",
    "2026-08-09-sapporo-09"
  ],
  "newlyHitRaces": [],
  "races": [
    {
      "raceId": "2026-08-09-sapporo-02",
      "stakeYen": {
        "ライト": 2000,
        "スタンダード": 5000,
        "プレミアム": 10000
      },
      "returnYen": {
        "ライト": 0,
        "スタンダード": 0,
        "プレミアム": 0
      },
      "hit": false
    },
    {
      "raceId": "2026-08-09-sapporo-05",
      "stakeYen": {
        "ライト": 2000,
        "スタンダード": 5000,
        "プレミアム": 10000
      },
      "returnYen": {
        "ライト": 0,
        "スタンダード": 0,
        "プレミアム": 0
      },
      "hit": false
    },
    {
      "raceId": "2026-08-09-sapporo-06",
      "stakeYen": {
        "ライト": 2000,
        "スタンダード": 5000,
        "プレミアム": 10000
      },
      "returnYen": {
        "ライト": 0,
        "スタンダード": 0,
        "プレミアム": 0
      },
      "hit": false
    },
    {
      "raceId": "2026-08-09-sapporo-09",
      "stakeYen": {
        "ライト": 2000,
        "スタンダード": 5000,
        "プレミアム": 10000
      },
      "returnYen": {
        "ライト": 0,
        "スタンダード": 0,
        "プレミアム": 0
      },
      "hit": false
    }
  ],
  "aug9Totals": [
    {
      "course": "スタンダード",
      "settledRaces": 12,
      "stakeYen": 60000,
      "returnYen": 55260
    },
    {
      "course": "プレミアム",
      "settledRaces": 12,
      "stakeYen": 120000,
      "returnYen": 101310
    },
    {
      "course": "ライト",
      "settledRaces": 12,
      "stakeYen": 24000,
      "returnYen": 18420
    }
  ]
}
