Searching stable payout segments for hit/6R...
ライト: validation ROI 91.6% / hit 59.7% / minMonth 76.1%
スタンダード: validation ROI 118.8% / hit 72% / minMonth 73.1%
プレミアム: validation ROI 118.7% / hit 72% / minMonth 72.8%
Searching stable payout segments for hit/5R...
ライト: validation ROI 178.5% / hit 73.2% / minMonth 69.4%
スタンダード: validation ROI 178.3% / hit 73.2% / minMonth 71.5%
プレミアム: validation ROI 178.3% / hit 73.2% / minMonth 71.1%
Searching stable payout segments for hit/7R...
ライト: validation ROI 86.9% / hit 64% / minMonth 83.5%
スタンダード: validation ROI 113.5% / hit 71.4% / minMonth 73.4%
プレミアム: validation ROI 113.2% / hit 71.4% / minMonth 73.2%
Searching stable payout segments for hit/8R...
ライト: validation ROI 79.2% / hit 84.8% / minMonth 72.8%
スタンダード: validation ROI 108.7% / hit 69.5% / minMonth 75.2%
プレミアム: validation ROI 108.6% / hit 69.5% / minMonth 75.2%
Searching stable payout segments for hit/10R...
ライト: validation ROI 77% / hit 84.4% / minMonth 70.9%
スタンダード: validation ROI 107.6% / hit 63% / minMonth 102.1%
プレミアム: validation ROI 107.4% / hit 63% / minMonth 102%
Winner: hit/5R
Training: 3422 races / 1142798 tickets / 10841 stable segments
ライト: validation 178.5% / holdout 75.2% / hit 70.8% / 200% FAIL
スタンダード: validation 178.3% / holdout 75.1% / hit 70.8% / 200% FAIL
プレミアム: validation 178.3% / holdout 75.1% / hit 70.8% / 200% FAIL
Promotion eligible: NO
