Searching payout-only policy for roi/5R...
ライト: validation ROI 88.2% / hit 66% / minMonth 83.1%
スタンダード: validation ROI 86.2% / hit 68.4% / minMonth 78.1%
プレミアム: validation ROI 87.1% / hit 60.8% / minMonth 82.4%
Searching payout-only policy for roi/7R...
ライト: validation ROI 80.7% / hit 73.7% / minMonth 78.3%
スタンダード: validation ROI 81.6% / hit 73.7% / minMonth 78.3%
プレミアム: validation ROI 81.4% / hit 73.7% / minMonth 78.3%
Searching payout-only policy for roi/8R...
ライト: validation ROI 81.3% / hit 73.5% / minMonth 81.1%
スタンダード: validation ROI 82.4% / hit 73.5% / minMonth 82%
プレミアム: validation ROI 82.2% / hit 73.5% / minMonth 82%
Searching payout-only policy for roi/6R...
ライト: validation ROI 84.8% / hit 64.7% / minMonth 79%
スタンダード: validation ROI 78.8% / hit 73% / minMonth 75.4%
プレミアム: validation ROI 78.6% / hit 73% / minMonth 75.4%
Searching payout-only policy for roi/9R...
ライト: validation ROI 79.6% / hit 72.9% / minMonth 79%
スタンダード: validation ROI 80.5% / hit 72.9% / minMonth 79.1%
プレミアム: validation ROI 80.3% / hit 72.9% / minMonth 79.1%
Winner: roi/8R
Training: 3422 races / 703658 candidate tickets
ライト: validation 81.3% / holdout 81.3% / holdout hit 72.4% / 200% FAIL
スタンダード: validation 82.4% / holdout 81.9% / holdout hit 72.4% / 200% FAIL
プレミアム: validation 82.2% / holdout 81.8% / holdout hit 72.4% / 200% FAIL
Payout-only result: payout-only-policy.json
