Searching stable payout segments for hit/6R...
ライト: rejected — no policy kept every validation month at or above 100% while preserving hit rate
スタンダード: rejected — no policy kept every validation month at or above 100% while preserving hit rate
プレミアム: rejected — no policy kept every validation month at or above 100% while preserving hit rate
Rejected hit/6R by monthly validation gate.
Searching stable payout segments for hit/5R...
ライト: rejected — no policy kept every validation month at or above 100% while preserving hit rate
スタンダード: rejected — no policy kept every validation month at or above 100% while preserving hit rate
プレミアム: rejected — no policy kept every validation month at or above 100% while preserving hit rate
Rejected hit/5R by monthly validation gate.
Searching stable payout segments for hit/7R...
ライト: rejected — no policy kept every validation month at or above 100% while preserving hit rate
スタンダード: rejected — no policy kept every validation month at or above 100% while preserving hit rate
プレミアム: rejected — no policy kept every validation month at or above 100% while preserving hit rate
Rejected hit/7R by monthly validation gate.
Searching stable payout segments for hit/8R...
ライト: rejected — no policy kept every validation month at or above 100% while preserving hit rate
スタンダード: rejected — no policy kept every validation month at or above 100% while preserving hit rate
プレミアム: rejected — no policy kept every validation month at or above 100% while preserving hit rate
Rejected hit/8R by monthly validation gate.
Searching stable payout segments for hit/10R...
ライト: rejected — no policy kept every validation month at or above 100% while preserving hit rate
スタンダード: validation ROI 107.6% / hit 63% / minMonth 102.1%
プレミアム: validation ROI 108.4% / hit 63% / minMonth 103.2%
Rejected hit/10R by monthly validation gate.
Searching stable payout segments for hit/9R...
ライト: rejected — no policy kept every validation month at or above 100% while preserving hit rate
スタンダード: rejected — no policy kept every validation month at or above 100% while preserving hit rate
プレミアム: rejected — no policy kept every validation month at or above 100% while preserving hit rate
Rejected hit/9R by monthly validation gate.
Searching stable payout segments for hit/11R...
ライト: rejected — no policy kept every validation month at or above 100% while preserving hit rate
スタンダード: rejected — no policy kept every validation month at or above 100% while preserving hit rate
プレミアム: rejected — no policy kept every validation month at or above 100% while preserving hit rate
Rejected hit/11R by monthly validation gate.
Searching stable payout segments for stable/11R...
ライト: rejected — no policy kept every validation month at or above 100% while preserving hit rate
スタンダード: rejected — no policy kept every validation month at or above 100% while preserving hit rate
プレミアム: rejected — no policy kept every validation month at or above 100% while preserving hit rate
Rejected stable/11R by monthly validation gate.
Searching stable payout segments for roi/11R...
ライト: rejected — no policy kept every validation month at or above 100% while preserving hit rate
スタンダード: rejected — no policy kept every validation month at or above 100% while preserving hit rate
プレミアム: rejected — no policy kept every validation month at or above 100% while preserving hit rate
Rejected roi/11R by monthly validation gate.
Searching stable payout segments for roi/9R...
ライト: rejected — no policy kept every validation month at or above 100% while preserving hit rate
スタンダード: rejected — no policy kept every validation month at or above 100% while preserving hit rate
プレミアム: rejected — no policy kept every validation month at or above 100% while preserving hit rate
Rejected roi/9R by monthly validation gate.
Searching stable payout segments for stable/9R...
ライト: rejected — no policy kept every validation month at or above 100% while preserving hit rate
スタンダード: rejected — no policy kept every validation month at or above 100% while preserving hit rate
プレミアム: rejected — no policy kept every validation month at or above 100% while preserving hit rate
Rejected stable/9R by monthly validation gate.
Searching stable payout segments for stable/10R...
ライト: rejected — no policy kept every validation month at or above 100% while preserving hit rate
スタンダード: rejected — no policy kept every validation month at or above 100% while preserving hit rate
プレミアム: rejected — no policy kept every validation month at or above 100% while preserving hit rate
Rejected stable/10R by monthly validation gate.
No policy passed the all-validation-months profitability gate. Holdout was not opened.
