Searching ranking-v2 policy for edge/11R...
ライト: validation ROI 75.8432% / hit 53.6364% / minMonth 72.2417%
スタンダード: validation ROI 78.2394% / hit 48.1818% / minMonth 74.8869%
プレミアム: validation ROI 78.1636% / hit 48.1818% / minMonth 74.7976%
Searching ranking-v2 policy for confidence/5R...
ライト: validation ROI 82.76% / hit 44.8% / minMonth 81.0714%
スタンダード: validation ROI 75.0867% / hit 52.4% / minMonth 75.0833%
プレミアム: validation ROI 76.4486% / hit 52.4% / minMonth 74.7784%
Searching ranking-v2 policy for confidence/12R...
ライト: validation ROI 80.5083% / hit 49.1667% / minMonth 77.7604%
スタンダード: validation ROI 80.5004% / hit 49.1667% / minMonth 77.0085%
プレミアム: validation ROI 80.3979% / hit 49.1667% / minMonth 76.8298%
Searching ranking-v2 policy for edge/12R...
ライト: validation ROI 80.5083% / hit 49.1667% / minMonth 77.7604%
スタンダード: validation ROI 80.5004% / hit 49.1667% / minMonth 77.0085%
プレミアム: validation ROI 80.3979% / hit 49.1667% / minMonth 76.8298%
Ranking validation: market logloss 2.0372 / model 2.1071, top1 market 33.5% / model 33.5%
Ranking holdout: market logloss 1.9573 / model 2.0053, top1 market 36.1111% / model 35.7639%
Winner: confidence/12R
ライト: validation 80.5083% / holdout 76.0959% / hit 46.5278% / 200% FAIL
スタンダード: validation 80.5004% / holdout 76.3335% / hit 46.5278% / 200% FAIL
プレミアム: validation 80.3979% / holdout 76.4935% / hit 46.5278% / 200% FAIL
Runner ranking result: runner-ranking-v2.json
